2025-06-16 17:05:56,334 - INFO - üü¢ Starting job: job_0009
2025-06-16 17:05:57,123 - ERROR - ‚ùå Error in job job_0009: Simulation aborted
Traceback (most recent call last):
  File "\\mull.sms.ed.ac.uk\home\s1834431\Win7\Desktop\fem_model\simulation_runner\static\static_simulation.py", line 583, in run
    self.compute_primary_results()
  File "\\mull.sms.ed.ac.uk\home\s1834431\Win7\Desktop\fem_model\simulation_runner\static\static_simulation.py", line 451, in compute_primary_results
    computer = ComputePrimaryResults(
               ^^^^^^^^^^^^^^^^^^^^^^
TypeError: ComputePrimaryResults.__init__() got an unexpected keyword argument 'K_global'

The above exception was the direct cause of the following exception:

Traceback (most recent call last):
  File "\\mull.sms.ed.ac.uk\home\s1834431\Win7\Desktop\fem_model\workflow_orchestrator\run_job.py", line 263, in process_job
    runner.run()
  File "\\mull.sms.ed.ac.uk\home\s1834431\Win7\Desktop\fem_model\simulation_runner\static\static_simulation.py", line 592, in run
    raise RuntimeError("Simulation aborted") from e
RuntimeError: Simulation aborted
